// Jest Snapshot v1, https://goo.gl/fbAQLP

exports[`ProductImage debe de mostrar el componente con la imagen del producto 1`] = `[Function]`;

exports[`ProductTitle debe de mostrar el componente con el nombre del producto 1`] = `[Function]`;
